D:\PROYECTOS\SIYV\WpfApp1\WpfApp1.csproj : warning NU1603: WpfApp1 depende de LiveChartsCore.SkiaSharpView.WPF (>= 2.0.0-rc4.2), pero no se encontr├│ LiveChartsCore.SkiaSharpView.WPF 2.0.0-rc4.2. LiveChartsCore.SkiaSharpView.WPF 2.0.0-rc4.5 se resolvi├│ en su lugar.
D:\PROYECTOS\SIYV\WpfApp1\WpfApp1.csproj : warning NU1701: El paquete "OpenTK 3.3.1" se restaur├│ con ".NETFramework,Version=v4.6.1, .NETFramework,Version=v4.6.2, .NETFramework,Version=v4.7, .NETFramework,Version=v4.7.1, .NETFramework,Version=v4.7.2, .NETFramework,Version=v4.8, .NETFramework,Version=v4.8.1" en lugar de la plataforma de destino del proyecto "net8.0-windows7.0". Puede que el paquete no sea totalmente compatible con el proyecto.
D:\PROYECTOS\SIYV\WpfApp1\WpfApp1.csproj : warning NU1701: El paquete "OpenTK.GLWpfControl 3.3.0" se restaur├│ con ".NETFramework,Version=v4.6.1, .NETFramework,Version=v4.6.2, .NETFramework,Version=v4.7, .NETFramework,Version=v4.7.1, .NETFramework,Version=v4.7.2, .NETFramework,Version=v4.8, .NETFramework,Version=v4.8.1" en lugar de la plataforma de destino del proyecto "net8.0-windows7.0". Puede que el paquete no sea totalmente compatible con el proyecto.
D:\PROYECTOS\SIYV\WpfApp1\WpfApp1.csproj : warning NU1701: El paquete "SkiaSharp.Views.WPF 3.0.0-preview.4.1" se restaur├│ con ".NETFramework,Version=v4.6.1, .NETFramework,Version=v4.6.2, .NETFramework,Version=v4.7, .NETFramework,Version=v4.7.1, .NETFramework,Version=v4.7.2, .NETFramework,Version=v4.8, .NETFramework,Version=v4.8.1" en lugar de la plataforma de destino del proyecto "net8.0-windows7.0". Puede que el paquete no sea totalmente compatible con el proyecto.
D:\PROYECTOS\SIYV\WpfApp1\Views\LoginWindow.xaml(31,54): error MC3072: la propiedad 'LetterSpacing' no existe en el espacio de nombres XML 'http://schemas.microsoft.com/winfx/2006/xaml/presentation'. L├¡nea 31, posici├│n 54. [D:\PROYECTOS\SIYV\WpfApp1\WpfApp1.csproj]

ERROR al compilar.

D:\PROYECTOS\SIYV\WpfApp1\WpfApp1.csproj : warning NU1603: WpfApp1 depende de LiveChartsCore.SkiaSharpView.WPF (>= 2.0.0-rc4.2), pero no se encontr├│ LiveChartsCore.SkiaSharpView.WPF 2.0.0-rc4.2. LiveChartsCore.SkiaSharpView.WPF 2.0.0-rc4.5 se resolvi├│ en su lugar.
D:\PROYECTOS\SIYV\WpfApp1\WpfApp1.csproj : warning NU1701: El paquete "OpenTK 3.3.1" se restaur├│ con ".NETFramework,Version=v4.6.1, .NETFramework,Version=v4.6.2, .NETFramework,Version=v4.7, .NETFramework,Version=v4.7.1, .NETFramework,Version=v4.7.2, .NETFramework,Version=v4.8, .NETFramework,Version=v4.8.1" en lugar de la plataforma de destino del proyecto "net8.0-windows7.0". Puede que el paquete no sea totalmente compatible con el proyecto.
D:\PROYECTOS\SIYV\WpfApp1\WpfApp1.csproj : warning NU1701: El paquete "OpenTK.GLWpfControl 3.3.0" se restaur├│ con ".NETFramework,Version=v4.6.1, .NETFramework,Version=v4.6.2, .NETFramework,Version=v4.7, .NETFramework,Version=v4.7.1, .NETFramework,Version=v4.7.2, .NETFramework,Version=v4.8, .NETFramework,Version=v4.8.1" en lugar de la plataforma de destino del proyecto "net8.0-windows7.0". Puede que el paquete no sea totalmente compatible con el proyecto.
D:\PROYECTOS\SIYV\WpfApp1\WpfApp1.csproj : warning NU1701: El paquete "SkiaSharp.Views.WPF 3.0.0-preview.4.1" se restaur├│ con ".NETFramework,Version=v4.6.1, .NETFramework,Version=v4.6.2, .NETFramework,Version=v4.7, .NETFramework,Version=v4.7.1, .NETFramework,Version=v4.7.2, .NETFramework,Version=v4.8, .NETFramework,Version=v4.8.1" en lugar de la plataforma de destino del proyecto "net8.0-windows7.0". Puede que el paquete no sea totalmente compatible con el proyecto.
D:\PROYECTOS\SIYV\WpfApp1\Views\LoginWindow.xaml(31,54): error MC3072: la propiedad 'LetterSpacing' no existe en el espacio de nombres XML 'http://schemas.microsoft.com/winfx/2006/xaml/presentation'. L├¡nea 31, posici├│n 54. [D:\PROYECTOS\SIYV\WpfApp1\WpfApp1.csproj]
    4 Advertencia(s)
    1 Errores

Tiempo transcurrido 00:00:00.76
